<?xml version="1.0" encoding="UTF-8"?>
<TestRun id="ec90ae97-87ab-4eac-adb7-6785e75764ef" name="Administrator@HPSERVER1 2011-12-21 14:15:02" runUser="JIMINAUSTIN\Administrator" xmlns="http://microsoft.com/schemas/VisualStudio/TeamTest/2010">
  <TestSettings name="Local" id="9107bf73-f7e4-455f-a428-d263719f4794">
    <Description>These are default test settings for a local test run.</Description>
    <Deployment enabled="false" runDeploymentRoot="Administrator_HPSERVER1 2011-12-21 14_15_02">
      <DeploymentItem filename="E:\sites\MockUserAdmin\packages\EntityFramework.4.1.10331.0\lib\EntityFramework.dll" />
      <DeploymentItem filename="E:\sites\MockUserAdmin\MockUserAdmin\bin\MockUserAdmin.dll" />
      <DeploymentItem filename="E:\sites\MockUserAdmin\packages\Iesi.Collections.3.2.0.4000\lib\Net35\Iesi.Collections.dll" />
      <DeploymentItem filename="E:\sites\MockUserAdmin\packages\Ninject.2.2.1.4\lib\net40-Full\Ninject.dll" />
    </Deployment>
    <Execution>
      <TestTypeSpecific />
      <AgentRule name="Execution Agents">
      </AgentRule>
    </Execution>
  </TestSettings>
  <Times creation="2011-12-21T14:15:02.7127490-06:00" queuing="2011-12-21T14:15:03.1847760-06:00" start="2011-12-21T14:15:03.2497798-06:00" finish="2011-12-21T14:15:03.9618205-06:00" />
  <ResultSummary outcome="Failed">
    <Counters total="5" executed="5" passed="3" error="0" failed="2" timeout="0" aborted="0" inconclusive="0" passedButRunAborted="0" notRunnable="0" notExecuted="0" disconnected="0" warning="0" completed="0" inProgress="0" pending="0" />
  </ResultSummary>
  <TestDefinitions>
    <UnitTest name="UserForm_AddUserDuplicateEmailTest" storage="e:\sites\mockuseradmin\mockuseradmin.tests\bin\debug\mockuseradmin.tests.dll" id="eda423e3-9565-3bd4-93b3-9961a3bb640e">
      <Execution id="4833e003-e941-4f70-ae30-55afed5943b4" />
      <TestMethod codeBase="E:/sites/MockUserAdmin/MockUserAdmin.Tests/bin/Debug/MockUserAdmin.Tests.DLL" adapterTypeName="Microsoft.VisualStudio.TestTools.TestTypes.Unit.UnitTestAdapter, Microsoft.VisualStudio.QualityTools.Tips.UnitTest.Adapter, Version=10.0.0.0, Culture=neutral, PublicKeyToken=b03f5f7f11d50a3a" className="MockUserAdmin.Tests.UsersControllerTest, MockUserAdmin.Tests, Version=1.0.0.0, Culture=neutral, PublicKeyToken=null" name="UserForm_AddUserDuplicateEmailTest" />
    </UnitTest>
    <UnitTest name="UserForm_AddUserTest" storage="e:\sites\mockuseradmin\mockuseradmin.tests\bin\debug\mockuseradmin.tests.dll" id="1c210d8d-b27c-ef40-3250-e118ebbf340f">
      <Execution id="cb858249-f88c-4ff8-a099-a642e2398a11" />
      <TestMethod codeBase="E:/sites/MockUserAdmin/MockUserAdmin.Tests/bin/Debug/MockUserAdmin.Tests.DLL" adapterTypeName="Microsoft.VisualStudio.TestTools.TestTypes.Unit.UnitTestAdapter, Microsoft.VisualStudio.QualityTools.Tips.UnitTest.Adapter, Version=10.0.0.0, Culture=neutral, PublicKeyToken=b03f5f7f11d50a3a" className="MockUserAdmin.Tests.UsersControllerTest, MockUserAdmin.Tests, Version=1.0.0.0, Culture=neutral, PublicKeyToken=null" name="UserForm_AddUserTest" />
    </UnitTest>
    <UnitTest name="UserForm_AddUserMissingFieldTest" storage="e:\sites\mockuseradmin\mockuseradmin.tests\bin\debug\mockuseradmin.tests.dll" id="e2f2b102-9fdd-e18d-9c4e-96ae418b91cb">
      <Execution id="7ebd122e-f991-4115-a91c-fa1179a15ee3" />
      <TestMethod codeBase="E:/sites/MockUserAdmin/MockUserAdmin.Tests/bin/Debug/MockUserAdmin.Tests.DLL" adapterTypeName="Microsoft.VisualStudio.TestTools.TestTypes.Unit.UnitTestAdapter, Microsoft.VisualStudio.QualityTools.Tips.UnitTest.Adapter, Version=10.0.0.0, Culture=neutral, PublicKeyToken=b03f5f7f11d50a3a" className="MockUserAdmin.Tests.UsersControllerTest, MockUserAdmin.Tests, Version=1.0.0.0, Culture=neutral, PublicKeyToken=null" name="UserForm_AddUserMissingFieldTest" />
    </UnitTest>
    <UnitTest name="IndexTest" storage="e:\sites\mockuseradmin\mockuseradmin.tests\bin\debug\mockuseradmin.tests.dll" id="cd6c7909-b393-e2f2-6158-90f40d9c1f0e">
      <Execution id="016134b6-808b-4644-8ac7-d7064169ac3f" />
      <TestMethod codeBase="E:/sites/MockUserAdmin/MockUserAdmin.Tests/bin/Debug/MockUserAdmin.Tests.DLL" adapterTypeName="Microsoft.VisualStudio.TestTools.TestTypes.Unit.UnitTestAdapter, Microsoft.VisualStudio.QualityTools.Tips.UnitTest.Adapter, Version=10.0.0.0, Culture=neutral, PublicKeyToken=b03f5f7f11d50a3a" className="MockUserAdmin.Tests.UsersControllerTest, MockUserAdmin.Tests, Version=1.0.0.0, Culture=neutral, PublicKeyToken=null" name="IndexTest" />
    </UnitTest>
    <UnitTest name="UserForm_AddUserBadEmailTest" storage="e:\sites\mockuseradmin\mockuseradmin.tests\bin\debug\mockuseradmin.tests.dll" id="9fe2f82b-8f7b-ff16-4f64-4a0e936d33a0">
      <Execution id="caf0da5d-31d7-43b5-b265-3276fc92ab1d" />
      <TestMethod codeBase="E:/sites/MockUserAdmin/MockUserAdmin.Tests/bin/Debug/MockUserAdmin.Tests.DLL" adapterTypeName="Microsoft.VisualStudio.TestTools.TestTypes.Unit.UnitTestAdapter, Microsoft.VisualStudio.QualityTools.Tips.UnitTest.Adapter, Version=10.0.0.0, Culture=neutral, PublicKeyToken=b03f5f7f11d50a3a" className="MockUserAdmin.Tests.UsersControllerTest, MockUserAdmin.Tests, Version=1.0.0.0, Culture=neutral, PublicKeyToken=null" name="UserForm_AddUserBadEmailTest" />
    </UnitTest>
  </TestDefinitions>
  <TestLists>
    <TestList name="Results Not in a List" id="8c84fa94-04c1-424b-9868-57a2d4851a1d" />
    <TestList name="All Loaded Results" id="19431567-8539-422a-85d7-44ee4e166bda" />
  </TestLists>
  <TestEntries>
    <TestEntry testId="cd6c7909-b393-e2f2-6158-90f40d9c1f0e" executionId="016134b6-808b-4644-8ac7-d7064169ac3f" testListId="8c84fa94-04c1-424b-9868-57a2d4851a1d" />
    <TestEntry testId="1c210d8d-b27c-ef40-3250-e118ebbf340f" executionId="cb858249-f88c-4ff8-a099-a642e2398a11" testListId="8c84fa94-04c1-424b-9868-57a2d4851a1d" />
    <TestEntry testId="9fe2f82b-8f7b-ff16-4f64-4a0e936d33a0" executionId="caf0da5d-31d7-43b5-b265-3276fc92ab1d" testListId="8c84fa94-04c1-424b-9868-57a2d4851a1d" />
    <TestEntry testId="e2f2b102-9fdd-e18d-9c4e-96ae418b91cb" executionId="7ebd122e-f991-4115-a91c-fa1179a15ee3" testListId="8c84fa94-04c1-424b-9868-57a2d4851a1d" />
    <TestEntry testId="eda423e3-9565-3bd4-93b3-9961a3bb640e" executionId="4833e003-e941-4f70-ae30-55afed5943b4" testListId="8c84fa94-04c1-424b-9868-57a2d4851a1d" />
  </TestEntries>
  <Results>
    <UnitTestResult executionId="016134b6-808b-4644-8ac7-d7064169ac3f" testId="cd6c7909-b393-e2f2-6158-90f40d9c1f0e" testName="IndexTest" computerName="HPSERVER1" duration="00:00:00.0504116" startTime="2011-12-21T14:15:03.2647806-06:00" endTime="2011-12-21T14:15:03.7188066-06:00" testType="13cdc9d9-ddb5-4fa4-a97d-d965ccfc6d4b" outcome="Passed" testListId="8c84fa94-04c1-424b-9868-57a2d4851a1d" relativeResultsDirectory="016134b6-808b-4644-8ac7-d7064169ac3f">
    </UnitTestResult>
    <UnitTestResult executionId="cb858249-f88c-4ff8-a099-a642e2398a11" testId="1c210d8d-b27c-ef40-3250-e118ebbf340f" testName="UserForm_AddUserTest" computerName="HPSERVER1" duration="00:00:00.0151559" startTime="2011-12-21T14:15:03.7208067-06:00" endTime="2011-12-21T14:15:03.7428080-06:00" testType="13cdc9d9-ddb5-4fa4-a97d-d965ccfc6d4b" outcome="Passed" testListId="8c84fa94-04c1-424b-9868-57a2d4851a1d" relativeResultsDirectory="cb858249-f88c-4ff8-a099-a642e2398a11">
    </UnitTestResult>
    <UnitTestResult executionId="caf0da5d-31d7-43b5-b265-3276fc92ab1d" testId="9fe2f82b-8f7b-ff16-4f64-4a0e936d33a0" testName="UserForm_AddUserBadEmailTest" computerName="HPSERVER1" duration="00:00:00.0302751" startTime="2011-12-21T14:15:03.7448081-06:00" endTime="2011-12-21T14:15:03.7798101-06:00" testType="13cdc9d9-ddb5-4fa4-a97d-d965ccfc6d4b" outcome="Failed" testListId="8c84fa94-04c1-424b-9868-57a2d4851a1d" relativeResultsDirectory="caf0da5d-31d7-43b5-b265-3276fc92ab1d">
      <Output>
        <ErrorInfo>
          <Message>Test method MockUserAdmin.Tests.UsersControllerTest.UserForm_AddUserBadEmailTest threw exception: 
System.InvalidCastException: Unable to cast object of type 'System.Collections.Generic.List`1[MockUserAdmin.Models.SysUser]' to type 'MockUserAdmin.Models.IUserViewModel'.</Message>
          <StackTrace>    at MockUserAdmin.Tests.UsersControllerTest.UserForm_AddUserBadEmailTest() in E:\sites\MockUserAdmin\MockUserAdmin.Tests\UsersControllerTest.cs:line 131
</StackTrace>
        </ErrorInfo>
      </Output>
    </UnitTestResult>
    <UnitTestResult executionId="7ebd122e-f991-4115-a91c-fa1179a15ee3" testId="e2f2b102-9fdd-e18d-9c4e-96ae418b91cb" testName="UserForm_AddUserMissingFieldTest" computerName="HPSERVER1" duration="00:00:00.0026831" startTime="2011-12-21T14:15:03.7828103-06:00" endTime="2011-12-21T14:15:03.7888106-06:00" testType="13cdc9d9-ddb5-4fa4-a97d-d965ccfc6d4b" outcome="Failed" testListId="8c84fa94-04c1-424b-9868-57a2d4851a1d" relativeResultsDirectory="7ebd122e-f991-4115-a91c-fa1179a15ee3">
      <Output>
        <ErrorInfo>
          <Message>Test method MockUserAdmin.Tests.UsersControllerTest.UserForm_AddUserMissingFieldTest threw exception: 
System.InvalidCastException: Unable to cast object of type 'System.Collections.Generic.List`1[MockUserAdmin.Models.SysUser]' to type 'MockUserAdmin.Models.IUserViewModel'.</Message>
          <StackTrace>    at MockUserAdmin.Tests.UsersControllerTest.UserForm_AddUserMissingFieldTest() in E:\sites\MockUserAdmin\MockUserAdmin.Tests\UsersControllerTest.cs:line 156
</StackTrace>
        </ErrorInfo>
      </Output>
    </UnitTestResult>
    <UnitTestResult executionId="4833e003-e941-4f70-ae30-55afed5943b4" testId="eda423e3-9565-3bd4-93b3-9961a3bb640e" testName="UserForm_AddUserDuplicateEmailTest" computerName="HPSERVER1" duration="00:00:00.0220895" startTime="2011-12-21T14:15:03.7908107-06:00" endTime="2011-12-21T14:15:03.8168122-06:00" testType="13cdc9d9-ddb5-4fa4-a97d-d965ccfc6d4b" outcome="Passed" testListId="8c84fa94-04c1-424b-9868-57a2d4851a1d" relativeResultsDirectory="4833e003-e941-4f70-ae30-55afed5943b4">
    </UnitTestResult>
  </Results>
</TestRun>